2025-07-29T17:13:31,190 [restartedMain] INFO  BankingapiApplication - Starting BankingapiApplication using Java 21.0.5 with PID 2440 (E:\dbtrainingws\bankingapi\bankingapi\target\classes started by param in E:\dbtrainingws\bankingapi\bankingapi)
2025-07-29T17:13:31,199 [restartedMain] INFO  BankingapiApplication - No active profile set, falling back to 1 default profile: "default"
2025-07-29T17:13:31,246 [restartedMain] INFO  DevToolsPropertyDefaultsPostProcessor - Devtools property defaults active! Set 'spring.devtools.add-properties' to 'false' to disable
2025-07-29T17:13:31,246 [restartedMain] INFO  DevToolsPropertyDefaultsPostProcessor - For additional web related logging consider setting the 'logging.level.web' property to 'DEBUG'
2025-07-29T17:13:32,127 [restartedMain] INFO  RepositoryConfigurationDelegate - Bootstrapping Spring Data JPA repositories in DEFAULT mode.
2025-07-29T17:13:32,145 [restartedMain] INFO  RepositoryConfigurationDelegate - Finished Spring Data repository scanning in 11 ms. Found 0 JPA repository interfaces.
2025-07-29T17:13:32,755 [restartedMain] INFO  TomcatWebServer - Tomcat initialized with port 7074 (http)
2025-07-29T17:13:32,765 [restartedMain] INFO  Http11NioProtocol - Initializing ProtocolHandler ["http-nio-7074"]
2025-07-29T17:13:32,767 [restartedMain] INFO  StandardService - Starting service [Tomcat]
2025-07-29T17:13:32,767 [restartedMain] INFO  StandardEngine - Starting Servlet engine: [Apache Tomcat/10.1.30]
2025-07-29T17:13:32,805 [restartedMain] INFO  [/] - Initializing Spring embedded WebApplicationContext
2025-07-29T17:13:32,806 [restartedMain] INFO  ServletWebServerApplicationContext - Root WebApplicationContext: initialization completed in 1557 ms
2025-07-29T17:13:33,105 [restartedMain] INFO  HikariDataSource - HikariPool-1 - Starting...
2025-07-29T17:13:33,438 [restartedMain] INFO  HikariPool - HikariPool-1 - Added connection com.mysql.cj.jdbc.ConnectionImpl@2bff3092
2025-07-29T17:13:33,440 [restartedMain] INFO  HikariDataSource - HikariPool-1 - Start completed.
2025-07-29T17:13:33,471 [restartedMain] INFO  LogHelper - HHH000204: Processing PersistenceUnitInfo [name: default]
2025-07-29T17:13:33,516 [restartedMain] INFO  Version - HHH000412: Hibernate ORM core version 6.5.3.Final
2025-07-29T17:13:33,540 [restartedMain] INFO  RegionFactoryInitiator - HHH000026: Second-level cache disabled
2025-07-29T17:13:33,826 [restartedMain] INFO  SpringPersistenceUnitInfo - No LoadTimeWeaver setup: ignoring JPA class transformer
2025-07-29T17:13:34,181 [restartedMain] INFO  JtaPlatformInitiator - HHH000489: No JTA platform available (set 'hibernate.transaction.jta.platform' to enable JTA platform integration)
2025-07-29T17:13:34,190 [restartedMain] INFO  LocalContainerEntityManagerFactoryBean - Initialized JPA EntityManagerFactory for persistence unit 'default'
2025-07-29T17:13:34,439 [restartedMain] WARN  JpaBaseConfiguration$JpaWebConfiguration - spring.jpa.open-in-view is enabled by default. Therefore, database queries may be performed during view rendering. Explicitly configure spring.jpa.open-in-view to disable this warning
2025-07-29T17:13:35,572 [restartedMain] INFO  OptionalLiveReloadServer - LiveReload server is running on port 35729
2025-07-29T17:13:35,584 [restartedMain] INFO  EndpointLinksResolver - Exposing 1 endpoint beneath base path '/actuator'
2025-07-29T17:13:35,639 [restartedMain] INFO  Http11NioProtocol - Starting ProtocolHandler ["http-nio-7074"]
2025-07-29T17:13:35,647 [restartedMain] INFO  TomcatWebServer - Tomcat started on port 7074 (http) with context path '/'
2025-07-29T17:13:35,659 [restartedMain] INFO  BankingapiApplication - Started BankingapiApplication in 4.756 seconds (process running for 6.209)
2025-07-29T17:13:36,316 [RMI TCP Connection(3)-192.168.0.108] INFO  [/] - Initializing Spring DispatcherServlet 'dispatcherServlet'
2025-07-29T17:13:36,316 [RMI TCP Connection(3)-192.168.0.108] INFO  DispatcherServlet - Initializing Servlet 'dispatcherServlet'
2025-07-29T17:13:36,319 [RMI TCP Connection(3)-192.168.0.108] INFO  DispatcherServlet - Completed initialization in 2 ms
2025-07-29T17:13:42,068 [File Watcher] INFO  LocalDevToolsAutoConfiguration$RestartingClassPathChangeChangedEventListener - Restarting due to 11 class path changes (0 additions, 10 deletions, 1 modification)
2025-07-29T17:13:42,075 [Thread-5] INFO  Http11NioProtocol - Stopping ProtocolHandler ["http-nio-7074"]
2025-07-29T17:13:42,107 [Thread-5] INFO  LocalContainerEntityManagerFactoryBean - Closing JPA EntityManagerFactory for persistence unit 'default'
2025-07-29T17:13:42,112 [Thread-5] INFO  HikariDataSource - HikariPool-1 - Shutdown initiated...
2025-07-29T17:13:42,128 [Thread-5] INFO  HikariDataSource - HikariPool-1 - Shutdown completed.
2025-07-29T17:13:42,260 [restartedMain] INFO  BankingapiApplication - Starting BankingapiApplication using Java 21.0.5 with PID 2440 (E:\dbtrainingws\bankingapi\bankingapi\target\classes started by param in E:\dbtrainingws\bankingapi\bankingapi)
2025-07-29T17:13:42,260 [restartedMain] INFO  BankingapiApplication - No active profile set, falling back to 1 default profile: "default"
2025-07-29T17:13:42,781 [restartedMain] INFO  RepositoryConfigurationDelegate - Bootstrapping Spring Data JPA repositories in DEFAULT mode.
2025-07-29T17:13:42,782 [restartedMain] INFO  RepositoryConfigurationDelegate - Finished Spring Data repository scanning in 0 ms. Found 0 JPA repository interfaces.
2025-07-29T17:13:42,926 [restartedMain] INFO  TomcatWebServer - Tomcat initialized with port 7074 (http)
2025-07-29T17:13:42,926 [restartedMain] INFO  Http11NioProtocol - Initializing ProtocolHandler ["http-nio-7074"]
2025-07-29T17:13:42,927 [restartedMain] INFO  StandardService - Starting service [Tomcat]
2025-07-29T17:13:42,927 [restartedMain] INFO  StandardEngine - Starting Servlet engine: [Apache Tomcat/10.1.30]
2025-07-29T17:13:42,942 [restartedMain] INFO  [/] - Initializing Spring embedded WebApplicationContext
2025-07-29T17:13:42,942 [restartedMain] INFO  ServletWebServerApplicationContext - Root WebApplicationContext: initialization completed in 680 ms
2025-07-29T17:13:43,103 [restartedMain] INFO  HikariDataSource - HikariPool-2 - Starting...
2025-07-29T17:13:43,119 [restartedMain] INFO  HikariPool - HikariPool-2 - Added connection com.mysql.cj.jdbc.ConnectionImpl@6bce1b9e
2025-07-29T17:13:43,119 [restartedMain] INFO  HikariDataSource - HikariPool-2 - Start completed.
2025-07-29T17:13:43,120 [restartedMain] INFO  LogHelper - HHH000204: Processing PersistenceUnitInfo [name: default]
2025-07-29T17:13:43,122 [restartedMain] INFO  RegionFactoryInitiator - HHH000026: Second-level cache disabled
2025-07-29T17:13:43,129 [restartedMain] INFO  SpringPersistenceUnitInfo - No LoadTimeWeaver setup: ignoring JPA class transformer
2025-07-29T17:13:43,156 [restartedMain] INFO  JtaPlatformInitiator - HHH000489: No JTA platform available (set 'hibernate.transaction.jta.platform' to enable JTA platform integration)
2025-07-29T17:13:43,157 [restartedMain] INFO  LocalContainerEntityManagerFactoryBean - Initialized JPA EntityManagerFactory for persistence unit 'default'
2025-07-29T17:13:43,163 [restartedMain] WARN  AnnotationConfigServletWebServerApplicationContext - Exception encountered during context initialization - cancelling refresh attempt: org.springframework.beans.factory.BeanCreationException: Error creating bean with name 'bankingapiApplication': Post-processing of merged bean definition failed
2025-07-29T17:13:43,163 [restartedMain] INFO  LocalContainerEntityManagerFactoryBean - Closing JPA EntityManagerFactory for persistence unit 'default'
2025-07-29T17:13:43,163 [restartedMain] INFO  HikariDataSource - HikariPool-2 - Shutdown initiated...
2025-07-29T17:13:43,164 [restartedMain] INFO  HikariDataSource - HikariPool-2 - Shutdown completed.
2025-07-29T17:13:43,166 [restartedMain] INFO  StandardService - Stopping service [Tomcat]
2025-07-29T17:13:43,175 [restartedMain] INFO  ConditionEvaluationReportLogger - 

Error starting ApplicationContext. To display the condition evaluation report re-run your application with 'debug' enabled.
2025-07-29T17:13:43,194 [restartedMain] ERROR SpringApplication - Application run failed
org.springframework.beans.factory.BeanCreationException: Error creating bean with name 'bankingapiApplication': Post-processing of merged bean definition failed
	at org.springframework.beans.factory.support.AbstractAutowireCapableBeanFactory.doCreateBean(AbstractAutowireCapableBeanFactory.java:577) ~[spring-beans-6.1.13.jar:6.1.13]
	at org.springframework.beans.factory.support.AbstractAutowireCapableBeanFactory.createBean(AbstractAutowireCapableBeanFactory.java:522) ~[spring-beans-6.1.13.jar:6.1.13]
	at org.springframework.beans.factory.support.AbstractBeanFactory.lambda$doGetBean$0(AbstractBeanFactory.java:337) ~[spring-beans-6.1.13.jar:6.1.13]
	at org.springframework.beans.factory.support.DefaultSingletonBeanRegistry.getSingleton(DefaultSingletonBeanRegistry.java:234) ~[spring-beans-6.1.13.jar:6.1.13]
	at org.springframework.beans.factory.support.AbstractBeanFactory.doGetBean(AbstractBeanFactory.java:335) ~[spring-beans-6.1.13.jar:6.1.13]
	at org.springframework.beans.factory.support.AbstractBeanFactory.getBean(AbstractBeanFactory.java:200) ~[spring-beans-6.1.13.jar:6.1.13]
	at org.springframework.beans.factory.support.DefaultListableBeanFactory.preInstantiateSingletons(DefaultListableBeanFactory.java:975) ~[spring-beans-6.1.13.jar:6.1.13]
	at org.springframework.context.support.AbstractApplicationContext.finishBeanFactoryInitialization(AbstractApplicationContext.java:971) ~[spring-context-6.1.13.jar:6.1.13]
	at org.springframework.context.support.AbstractApplicationContext.refresh(AbstractApplicationContext.java:625) ~[spring-context-6.1.13.jar:6.1.13]
	at org.springframework.boot.web.servlet.context.ServletWebServerApplicationContext.refresh(ServletWebServerApplicationContext.java:146) ~[spring-boot-3.3.4.jar:3.3.4]
	at org.springframework.boot.SpringApplication.refresh(SpringApplication.java:754) [spring-boot-3.3.4.jar:3.3.4]
	at org.springframework.boot.SpringApplication.refreshContext(SpringApplication.java:456) [spring-boot-3.3.4.jar:3.3.4]
	at org.springframework.boot.SpringApplication.run(SpringApplication.java:335) [spring-boot-3.3.4.jar:3.3.4]
	at org.springframework.boot.SpringApplication.run(SpringApplication.java:1363) [spring-boot-3.3.4.jar:3.3.4]
	at org.springframework.boot.SpringApplication.run(SpringApplication.java:1352) [spring-boot-3.3.4.jar:3.3.4]
	at com.db.bankingapi.BankingapiApplication.main(BankingapiApplication.java:21) [classes/:?]
	at java.base/jdk.internal.reflect.DirectMethodHandleAccessor.invoke(DirectMethodHandleAccessor.java:103) ~[?:?]
	at java.base/java.lang.reflect.Method.invoke(Method.java:580) ~[?:?]
	at org.springframework.boot.devtools.restart.RestartLauncher.run(RestartLauncher.java:50) [spring-boot-devtools-3.3.4.jar:3.3.4]
Caused by: java.lang.IllegalStateException: Failed to introspect Class [com.db.bankingapi.BankingapiApplication] from ClassLoader [jdk.internal.loader.ClassLoaders$AppClassLoader@76ed5528]
	at org.springframework.util.ReflectionUtils.getDeclaredFields(ReflectionUtils.java:757) ~[spring-core-6.1.13.jar:6.1.13]
	at org.springframework.util.ReflectionUtils.doWithLocalFields(ReflectionUtils.java:689) ~[spring-core-6.1.13.jar:6.1.13]
	at org.springframework.orm.jpa.support.PersistenceAnnotationBeanPostProcessor.buildPersistenceMetadata(PersistenceAnnotationBeanPostProcessor.java:436) ~[spring-orm-6.1.13.jar:6.1.13]
	at org.springframework.orm.jpa.support.PersistenceAnnotationBeanPostProcessor.findPersistenceMetadata(PersistenceAnnotationBeanPostProcessor.java:417) ~[spring-orm-6.1.13.jar:6.1.13]
	at org.springframework.orm.jpa.support.PersistenceAnnotationBeanPostProcessor.findInjectionMetadata(PersistenceAnnotationBeanPostProcessor.java:376) ~[spring-orm-6.1.13.jar:6.1.13]
	at org.springframework.orm.jpa.support.PersistenceAnnotationBeanPostProcessor.postProcessMergedBeanDefinition(PersistenceAnnotationBeanPostProcessor.java:353) ~[spring-orm-6.1.13.jar:6.1.13]
	at org.springframework.beans.factory.support.AbstractAutowireCapableBeanFactory.applyMergedBeanDefinitionPostProcessors(AbstractAutowireCapableBeanFactory.java:1103) ~[spring-beans-6.1.13.jar:6.1.13]
	at org.springframework.beans.factory.support.AbstractAutowireCapableBeanFactory.doCreateBean(AbstractAutowireCapableBeanFactory.java:574) ~[spring-beans-6.1.13.jar:6.1.13]
	... 18 more
Caused by: java.lang.NoClassDefFoundError: com/db/bankingapi/models/FullName
	at java.base/java.lang.Class.getDeclaredFields0(Native Method) ~[?:?]
	at java.base/java.lang.Class.privateGetDeclaredFields(Class.java:3473) ~[?:?]
	at java.base/java.lang.Class.getDeclaredFields(Class.java:2542) ~[?:?]
	at org.springframework.util.ReflectionUtils.getDeclaredFields(ReflectionUtils.java:752) ~[spring-core-6.1.13.jar:6.1.13]
	at org.springframework.util.ReflectionUtils.doWithLocalFields(ReflectionUtils.java:689) ~[spring-core-6.1.13.jar:6.1.13]
	at org.springframework.orm.jpa.support.PersistenceAnnotationBeanPostProcessor.buildPersistenceMetadata(PersistenceAnnotationBeanPostProcessor.java:436) ~[spring-orm-6.1.13.jar:6.1.13]
	at org.springframework.orm.jpa.support.PersistenceAnnotationBeanPostProcessor.findPersistenceMetadata(PersistenceAnnotationBeanPostProcessor.java:417) ~[spring-orm-6.1.13.jar:6.1.13]
	at org.springframework.orm.jpa.support.PersistenceAnnotationBeanPostProcessor.findInjectionMetadata(PersistenceAnnotationBeanPostProcessor.java:376) ~[spring-orm-6.1.13.jar:6.1.13]
	at org.springframework.orm.jpa.support.PersistenceAnnotationBeanPostProcessor.postProcessMergedBeanDefinition(PersistenceAnnotationBeanPostProcessor.java:353) ~[spring-orm-6.1.13.jar:6.1.13]
	at org.springframework.beans.factory.support.AbstractAutowireCapableBeanFactory.applyMergedBeanDefinitionPostProcessors(AbstractAutowireCapableBeanFactory.java:1103) ~[spring-beans-6.1.13.jar:6.1.13]
	at org.springframework.beans.factory.support.AbstractAutowireCapableBeanFactory.doCreateBean(AbstractAutowireCapableBeanFactory.java:574) ~[spring-beans-6.1.13.jar:6.1.13]
	... 18 more
Caused by: java.lang.ClassNotFoundException: com.db.bankingapi.models.FullName
	at java.base/jdk.internal.loader.BuiltinClassLoader.loadClass(BuiltinClassLoader.java:641) ~[?:?]
	at java.base/jdk.internal.loader.ClassLoaders$AppClassLoader.loadClass(ClassLoaders.java:188) ~[?:?]
	at java.base/java.lang.ClassLoader.loadClass(ClassLoader.java:526) ~[?:?]
	at java.base/java.lang.Class.getDeclaredFields0(Native Method) ~[?:?]
	at java.base/java.lang.Class.privateGetDeclaredFields(Class.java:3473) ~[?:?]
	at java.base/java.lang.Class.getDeclaredFields(Class.java:2542) ~[?:?]
	at org.springframework.util.ReflectionUtils.getDeclaredFields(ReflectionUtils.java:752) ~[spring-core-6.1.13.jar:6.1.13]
	at org.springframework.util.ReflectionUtils.doWithLocalFields(ReflectionUtils.java:689) ~[spring-core-6.1.13.jar:6.1.13]
	at org.springframework.orm.jpa.support.PersistenceAnnotationBeanPostProcessor.buildPersistenceMetadata(PersistenceAnnotationBeanPostProcessor.java:436) ~[spring-orm-6.1.13.jar:6.1.13]
	at org.springframework.orm.jpa.support.PersistenceAnnotationBeanPostProcessor.findPersistenceMetadata(PersistenceAnnotationBeanPostProcessor.java:417) ~[spring-orm-6.1.13.jar:6.1.13]
	at org.springframework.orm.jpa.support.PersistenceAnnotationBeanPostProcessor.findInjectionMetadata(PersistenceAnnotationBeanPostProcessor.java:376) ~[spring-orm-6.1.13.jar:6.1.13]
	at org.springframework.orm.jpa.support.PersistenceAnnotationBeanPostProcessor.postProcessMergedBeanDefinition(PersistenceAnnotationBeanPostProcessor.java:353) ~[spring-orm-6.1.13.jar:6.1.13]
	at org.springframework.beans.factory.support.AbstractAutowireCapableBeanFactory.applyMergedBeanDefinitionPostProcessors(AbstractAutowireCapableBeanFactory.java:1103) ~[spring-beans-6.1.13.jar:6.1.13]
	at org.springframework.beans.factory.support.AbstractAutowireCapableBeanFactory.doCreateBean(AbstractAutowireCapableBeanFactory.java:574) ~[spring-beans-6.1.13.jar:6.1.13]
	... 18 more
2025-07-29T17:13:45,814 [restartedMain] INFO  BankingapiApplication - Starting BankingapiApplication using Java 21.0.5 with PID 2440 (E:\dbtrainingws\bankingapi\bankingapi\target\classes started by param in E:\dbtrainingws\bankingapi\bankingapi)
2025-07-29T17:13:45,815 [restartedMain] INFO  BankingapiApplication - No active profile set, falling back to 1 default profile: "default"
2025-07-29T17:13:47,015 [restartedMain] INFO  RepositoryConfigurationDelegate - Bootstrapping Spring Data JPA repositories in DEFAULT mode.
2025-07-29T17:13:47,022 [restartedMain] INFO  RepositoryConfigurationDelegate - Finished Spring Data repository scanning in 6 ms. Found 0 JPA repository interfaces.
2025-07-29T17:13:47,524 [restartedMain] INFO  TomcatWebServer - Tomcat initialized with port 7074 (http)
2025-07-29T17:13:47,526 [restartedMain] INFO  Http11NioProtocol - Initializing ProtocolHandler ["http-nio-7074"]
2025-07-29T17:13:47,527 [restartedMain] INFO  StandardService - Starting service [Tomcat]
2025-07-29T17:13:47,528 [restartedMain] INFO  StandardEngine - Starting Servlet engine: [Apache Tomcat/10.1.30]
2025-07-29T17:13:47,600 [restartedMain] INFO  [/] - Initializing Spring embedded WebApplicationContext
2025-07-29T17:13:47,601 [restartedMain] INFO  ServletWebServerApplicationContext - Root WebApplicationContext: initialization completed in 1780 ms
2025-07-29T17:13:48,140 [restartedMain] INFO  HikariDataSource - HikariPool-3 - Starting...
2025-07-29T17:13:48,188 [restartedMain] INFO  HikariPool - HikariPool-3 - Added connection com.mysql.cj.jdbc.ConnectionImpl@46bdfc8a
2025-07-29T17:13:48,188 [restartedMain] INFO  HikariDataSource - HikariPool-3 - Start completed.
2025-07-29T17:13:48,190 [restartedMain] INFO  LogHelper - HHH000204: Processing PersistenceUnitInfo [name: default]
2025-07-29T17:13:48,197 [restartedMain] INFO  RegionFactoryInitiator - HHH000026: Second-level cache disabled
2025-07-29T17:13:48,240 [restartedMain] INFO  SpringPersistenceUnitInfo - No LoadTimeWeaver setup: ignoring JPA class transformer
2025-07-29T17:13:48,330 [restartedMain] INFO  JtaPlatformInitiator - HHH000489: No JTA platform available (set 'hibernate.transaction.jta.platform' to enable JTA platform integration)
2025-07-29T17:13:48,331 [restartedMain] INFO  LocalContainerEntityManagerFactoryBean - Initialized JPA EntityManagerFactory for persistence unit 'default'
2025-07-29T17:13:48,719 [restartedMain] WARN  JpaBaseConfiguration$JpaWebConfiguration - spring.jpa.open-in-view is enabled by default. Therefore, database queries may be performed during view rendering. Explicitly configure spring.jpa.open-in-view to disable this warning
2025-07-29T17:13:51,268 [restartedMain] INFO  OptionalLiveReloadServer - LiveReload server is running on port 35729
2025-07-29T17:13:51,294 [restartedMain] INFO  EndpointLinksResolver - Exposing 1 endpoint beneath base path '/actuator'
2025-07-29T17:13:51,382 [restartedMain] INFO  Http11NioProtocol - Starting ProtocolHandler ["http-nio-7074"]
2025-07-29T17:13:51,392 [restartedMain] INFO  TomcatWebServer - Tomcat started on port 7074 (http) with context path '/'
2025-07-29T17:13:51,412 [restartedMain] INFO  BankingapiApplication - Started BankingapiApplication in 5.728 seconds (process running for 21.964)
2025-07-29T17:13:51,417 [restartedMain] INFO  ConditionEvaluationDeltaLoggingListener - Condition evaluation unchanged
2025-07-29T17:14:04,975 [http-nio-7074-exec-1] INFO  [/] - Initializing Spring DispatcherServlet 'dispatcherServlet'
2025-07-29T17:14:04,975 [http-nio-7074-exec-1] INFO  DispatcherServlet - Initializing Servlet 'dispatcherServlet'
2025-07-29T17:14:04,979 [http-nio-7074-exec-1] INFO  DispatcherServlet - Completed initialization in 3 ms
2025-07-29T17:14:06,240 [http-nio-7074-exec-4] INFO  AbstractOpenApiResource - Init duration for springdoc-openapi is: 557 ms
2025-07-29T17:14:10,233 [http-nio-7074-exec-5] INFO  UserController - [
  {
    "id": 1,
    "name": "Leanne Graham",
    "username": "Bret",
    "email": "Sincere@april.biz",
    "address": {
      "street": "Kulas Light",
      "suite": "Apt. 556",
      "city": "Gwenborough",
      "zipcode": "92998-3874",
      "geo": {
        "lat": "-37.3159",
        "lng": "81.1496"
      }
    },
    "phone": "1-770-736-8031 x56442",
    "website": "hildegard.org",
    "company": {
      "name": "Romaguera-Crona",
      "catchPhrase": "Multi-layered client-server neural-net",
      "bs": "harness real-time e-markets"
    }
  },
  {
    "id": 2,
    "name": "Ervin Howell",
    "username": "Antonette",
    "email": "Shanna@melissa.tv",
    "address": {
      "street": "Victor Plains",
      "suite": "Suite 879",
      "city": "Wisokyburgh",
      "zipcode": "90566-7771",
      "geo": {
        "lat": "-43.9509",
        "lng": "-34.4618"
      }
    },
    "phone": "010-692-6593 x09125",
    "website": "anastasia.net",
    "company": {
      "name": "Deckow-Crist",
      "catchPhrase": "Proactive didactic contingency",
      "bs": "synergize scalable supply-chains"
    }
  },
  {
    "id": 3,
    "name": "Clementine Bauch",
    "username": "Samantha",
    "email": "Nathan@yesenia.net",
    "address": {
      "street": "Douglas Extension",
      "suite": "Suite 847",
      "city": "McKenziehaven",
      "zipcode": "59590-4157",
      "geo": {
        "lat": "-68.6102",
        "lng": "-47.0653"
      }
    },
    "phone": "1-463-123-4447",
    "website": "ramiro.info",
    "company": {
      "name": "Romaguera-Jacobson",
      "catchPhrase": "Face to face bifurcated interface",
      "bs": "e-enable strategic applications"
    }
  },
  {
    "id": 4,
    "name": "Patricia Lebsack",
    "username": "Karianne",
    "email": "Julianne.OConner@kory.org",
    "address": {
      "street": "Hoeger Mall",
      "suite": "Apt. 692",
      "city": "South Elvis",
      "zipcode": "53919-4257",
      "geo": {
        "lat": "29.4572",
        "lng": "-164.2990"
      }
    },
    "phone": "493-170-9623 x156",
    "website": "kale.biz",
    "company": {
      "name": "Robel-Corkery",
      "catchPhrase": "Multi-tiered zero tolerance productivity",
      "bs": "transition cutting-edge web services"
    }
  },
  {
    "id": 5,
    "name": "Chelsey Dietrich",
    "username": "Kamren",
    "email": "Lucio_Hettinger@annie.ca",
    "address": {
      "street": "Skiles Walks",
      "suite": "Suite 351",
      "city": "Roscoeview",
      "zipcode": "33263",
      "geo": {
        "lat": "-31.8129",
        "lng": "62.5342"
      }
    },
    "phone": "(254)954-1289",
    "website": "demarco.info",
    "company": {
      "name": "Keebler LLC",
      "catchPhrase": "User-centric fault-tolerant solution",
      "bs": "revolutionize end-to-end systems"
    }
  },
  {
    "id": 6,
    "name": "Mrs. Dennis Schulist",
    "username": "Leopoldo_Corkery",
    "email": "Karley_Dach@jasper.info",
    "address": {
      "street": "Norberto Crossing",
      "suite": "Apt. 950",
      "city": "South Christy",
      "zipcode": "23505-1337",
      "geo": {
        "lat": "-71.4197",
        "lng": "71.7478"
      }
    },
    "phone": "1-477-935-8478 x6430",
    "website": "ola.org",
    "company": {
      "name": "Considine-Lockman",
      "catchPhrase": "Synchronised bottom-line interface",
      "bs": "e-enable innovative applications"
    }
  },
  {
    "id": 7,
    "name": "Kurtis Weissnat",
    "username": "Elwyn.Skiles",
    "email": "Telly.Hoeger@billy.biz",
    "address": {
      "street": "Rex Trail",
      "suite": "Suite 280",
      "city": "Howemouth",
      "zipcode": "58804-1099",
      "geo": {
        "lat": "24.8918",
        "lng": "21.8984"
      }
    },
    "phone": "210.067.6132",
    "website": "elvis.io",
    "company": {
      "name": "Johns Group",
      "catchPhrase": "Configurable multimedia task-force",
      "bs": "generate enterprise e-tailers"
    }
  },
  {
    "id": 8,
    "name": "Nicholas Runolfsdottir V",
    "username": "Maxime_Nienow",
    "email": "Sherwood@rosamond.me",
    "address": {
      "street": "Ellsworth Summit",
      "suite": "Suite 729",
      "city": "Aliyaview",
      "zipcode": "45169",
      "geo": {
        "lat": "-14.3990",
        "lng": "-120.7677"
      }
    },
    "phone": "586.493.6943 x140",
    "website": "jacynthe.com",
    "company": {
      "name": "Abernathy Group",
      "catchPhrase": "Implemented secondary concept",
      "bs": "e-enable extensible e-tailers"
    }
  },
  {
    "id": 9,
    "name": "Glenna Reichert",
    "username": "Delphine",
    "email": "Chaim_McDermott@dana.io",
    "address": {
      "street": "Dayna Park",
      "suite": "Suite 449",
      "city": "Bartholomebury",
      "zipcode": "76495-3109",
      "geo": {
        "lat": "24.6463",
        "lng": "-168.8889"
      }
    },
    "phone": "(775)976-6794 x41206",
    "website": "conrad.com",
    "company": {
      "name": "Yost and Sons",
      "catchPhrase": "Switchable contextually-based project",
      "bs": "aggregate real-time technologies"
    }
  },
  {
    "id": 10,
    "name": "Clementina DuBuque",
    "username": "Moriah.Stanton",
    "email": "Rey.Padberg@karina.biz",
    "address": {
      "street": "Kattie Turnpike",
      "suite": "Suite 198",
      "city": "Lebsackbury",
      "zipcode": "31428-2261",
      "geo": {
        "lat": "-38.2386",
        "lng": "57.2232"
      }
    },
    "phone": "024-648-3804",
    "website": "ambrose.net",
    "company": {
      "name": "Hoeger LLC",
      "catchPhrase": "Centralized empowering task-force",
      "bs": "target end-to-end models"
    }
  }
]
2025-07-29T17:14:10,234 [http-nio-7074-exec-5] INFO  UserController - 2025-07-29
2025-07-29T17:15:05,797 [SpringApplicationShutdownHook] INFO  LocalContainerEntityManagerFactoryBean - Closing JPA EntityManagerFactory for persistence unit 'default'
2025-07-29T17:15:05,800 [SpringApplicationShutdownHook] INFO  HikariDataSource - HikariPool-3 - Shutdown initiated...
2025-07-29T17:15:05,811 [SpringApplicationShutdownHook] INFO  HikariDataSource - HikariPool-3 - Shutdown completed.
2025-07-29T17:22:29,527 [restartedMain] INFO  BankingapiApplication - Starting BankingapiApplication using Java 21.0.5 with PID 38496 (E:\dbtrainingws\bankingapi\bankingapi\target\classes started by param in E:\dbtrainingws\bankingapi\bankingapi)
2025-07-29T17:22:29,536 [restartedMain] INFO  BankingapiApplication - No active profile set, falling back to 1 default profile: "default"
2025-07-29T17:22:29,583 [restartedMain] INFO  DevToolsPropertyDefaultsPostProcessor - Devtools property defaults active! Set 'spring.devtools.add-properties' to 'false' to disable
2025-07-29T17:22:29,584 [restartedMain] INFO  DevToolsPropertyDefaultsPostProcessor - For additional web related logging consider setting the 'logging.level.web' property to 'DEBUG'
2025-07-29T17:22:30,788 [restartedMain] INFO  RepositoryConfigurationDelegate - Bootstrapping Spring Data JPA repositories in DEFAULT mode.
2025-07-29T17:22:30,804 [restartedMain] INFO  RepositoryConfigurationDelegate - Finished Spring Data repository scanning in 10 ms. Found 0 JPA repository interfaces.
2025-07-29T17:22:31,695 [restartedMain] INFO  TomcatWebServer - Tomcat initialized with port 7074 (http)
2025-07-29T17:22:31,705 [restartedMain] INFO  Http11NioProtocol - Initializing ProtocolHandler ["http-nio-7074"]
2025-07-29T17:22:31,708 [restartedMain] INFO  StandardService - Starting service [Tomcat]
2025-07-29T17:22:31,709 [restartedMain] INFO  StandardEngine - Starting Servlet engine: [Apache Tomcat/10.1.30]
2025-07-29T17:22:31,750 [restartedMain] INFO  [/] - Initializing Spring embedded WebApplicationContext
2025-07-29T17:22:31,750 [restartedMain] INFO  ServletWebServerApplicationContext - Root WebApplicationContext: initialization completed in 2166 ms
2025-07-29T17:22:32,160 [restartedMain] INFO  HikariDataSource - HikariPool-1 - Starting...
2025-07-29T17:22:32,419 [restartedMain] INFO  HikariPool - HikariPool-1 - Added connection com.mysql.cj.jdbc.ConnectionImpl@330535f1
2025-07-29T17:22:32,421 [restartedMain] INFO  HikariDataSource - HikariPool-1 - Start completed.
2025-07-29T17:22:32,451 [restartedMain] INFO  LogHelper - HHH000204: Processing PersistenceUnitInfo [name: default]
2025-07-29T17:22:32,495 [restartedMain] INFO  Version - HHH000412: Hibernate ORM core version 6.5.3.Final
2025-07-29T17:22:32,521 [restartedMain] INFO  RegionFactoryInitiator - HHH000026: Second-level cache disabled
2025-07-29T17:22:32,798 [restartedMain] INFO  SpringPersistenceUnitInfo - No LoadTimeWeaver setup: ignoring JPA class transformer
2025-07-29T17:22:33,275 [restartedMain] INFO  JtaPlatformInitiator - HHH000489: No JTA platform available (set 'hibernate.transaction.jta.platform' to enable JTA platform integration)
2025-07-29T17:22:33,279 [restartedMain] INFO  LocalContainerEntityManagerFactoryBean - Initialized JPA EntityManagerFactory for persistence unit 'default'
2025-07-29T17:22:33,614 [restartedMain] WARN  JpaBaseConfiguration$JpaWebConfiguration - spring.jpa.open-in-view is enabled by default. Therefore, database queries may be performed during view rendering. Explicitly configure spring.jpa.open-in-view to disable this warning
2025-07-29T17:22:34,155 [restartedMain] WARN  ThymeleafAutoConfiguration$DefaultTemplateResolverConfiguration - Cannot find template location: classpath:/templates/ (please add some templates, check your Thymeleaf configuration, or set spring.thymeleaf.check-template-location=false)
2025-07-29T17:22:35,347 [restartedMain] INFO  OptionalLiveReloadServer - LiveReload server is running on port 35729
2025-07-29T17:22:35,362 [restartedMain] INFO  EndpointLinksResolver - Exposing 14 endpoints beneath base path '/actuator'
2025-07-29T17:22:36,088 [restartedMain] INFO  Http11NioProtocol - Starting ProtocolHandler ["http-nio-7074"]
2025-07-29T17:22:36,101 [restartedMain] INFO  TomcatWebServer - Tomcat started on port 7074 (http) with context path '/'
2025-07-29T17:22:36,119 [restartedMain] INFO  BankingapiApplication - Started BankingapiApplication in 7.055 seconds (process running for 8.341)
2025-07-29T17:22:36,750 [RMI TCP Connection(4)-192.168.0.108] INFO  [/] - Initializing Spring DispatcherServlet 'dispatcherServlet'
2025-07-29T17:22:36,752 [RMI TCP Connection(4)-192.168.0.108] INFO  DispatcherServlet - Initializing Servlet 'dispatcherServlet'
2025-07-29T17:22:36,757 [RMI TCP Connection(4)-192.168.0.108] INFO  DispatcherServlet - Completed initialization in 5 ms
